src/components/pathology/LabTechnicianManagement.tsx(425,42): error TS2322: Type '{ children: string; key: string; value: string; }' is not assignable to type 'IntrinsicAttributes & Omit<ListboxItemBaseProps<object>, "value">'.
  Property 'value' does not exist on type 'IntrinsicAttributes & Omit<ListboxItemBaseProps<object>, "value">'.
src/components/pathology/LabTechnicianManagement.tsx(428,44): error TS2322: Type '{ children: string; key: string; value: string; }' is not assignable to type 'IntrinsicAttributes & Omit<ListboxItemBaseProps<object>, "value">'.
  Property 'value' does not exist on type 'IntrinsicAttributes & Omit<ListboxItemBaseProps<object>, "value">'.
src/components/pathology/PathologyBillingTab.tsx(48,3): error TS2724: '"@/types/models"' has no exported member named 'PathologyTestName'. Did you mean 'PathologyTest'?
src/components/pathology/PathologyBillingTab.tsx(166,26): error TS2551: Property 'getTestNamesByClinic' does not exist on type '{ getTestsByClinic(clinicId: string, branchId?: string): Promise<PathologyTest[]>; getTestById(id: string): Promise<PathologyTest>; ... 22 more ...; deleteTestType(id: string): Promise<...>; }'. Did you mean 'getTestsByClinic'?
src/components/pathology/PathologyBillingTab.tsx(1136,46): error TS2322: Type '{ children: string; key: string; value: string; }' is not assignable to type 'IntrinsicAttributes & Omit<ListboxItemBaseProps<object>, "value">'.
  Property 'value' does not exist on type 'IntrinsicAttributes & Omit<ListboxItemBaseProps<object>, "value">'.
src/components/pathology/PathologyBillingTab.tsx(1139,48): error TS2322: Type '{ children: string; key: string; value: string; }' is not assignable to type 'IntrinsicAttributes & Omit<ListboxItemBaseProps<object>, "value">'.
  Property 'value' does not exist on type 'IntrinsicAttributes & Omit<ListboxItemBaseProps<object>, "value">'.
src/components/pathology/PathologyBillingTab.tsx(1142,47): error TS2322: Type '{ children: string; key: string; value: string; }' is not assignable to type 'IntrinsicAttributes & Omit<ListboxItemBaseProps<object>, "value">'.
  Property 'value' does not exist on type 'IntrinsicAttributes & Omit<ListboxItemBaseProps<object>, "value">'.
src/components/pathology/PathologyTestNamesTab.tsx(9,10): error TS2724: '"@/types/models"' has no exported member named 'PathologyTestName'. Did you mean 'PathologyTest'?
src/components/public-navbar.tsx(28,13): error TS2322: Type '"foreground"' is not assignable to type '"primary" | "default" | "secondary"'.
src/components/ui/checkbox.tsx(4,18): error TS2430: Interface 'CheckboxProps' incorrectly extends interface 'Omit<InputHTMLAttributes<HTMLInputElement>, "type">'.
  Types of property 'size' are incompatible.
    Type 'string' is not assignable to type 'number'.
      Type 'string' is not assignable to type 'number'.
src/components/ui/select.tsx(12,18): error TS2430: Interface 'SelectProps' incorrectly extends interface 'SelectHTMLAttributes<HTMLSelectElement>'.
  Types of property 'size' are incompatible.
    Type 'string' is not assignable to type 'number'.
      Type 'string' is not assignable to type 'number'.
src/components/ui/tabs.tsx(19,18): error TS2430: Interface 'TabProps' incorrectly extends interface 'HTMLAttributes<HTMLDivElement>'.
  Types of property 'title' are incompatible.
    Type 'ReactNode' is not assignable to type 'string'.
      Type 'number' is not assignable to type 'string'.
src/pages/admin/clinic-types/index.tsx(410,19): error TS2322: Type '{ className: string; name: string; placeholder: string; size: string; value: string; variant: string; onChange: (e: ChangeEvent<HTMLInputElement | HTMLTextAreaElement>) => void; }' is not assignable to type 'IntrinsicAttributes & TextareaProps & RefAttributes<HTMLTextAreaElement>'.
  Property 'size' does not exist on type 'IntrinsicAttributes & TextareaProps & RefAttributes<HTMLTextAreaElement>'.
src/pages/admin/subscriptions/edit/[clinicId]/index.tsx(536,55): error TS2322: Type '{ children: string; key: string; value: string; }' is not assignable to type 'IntrinsicAttributes & Omit<ListboxItemBaseProps<object>, "value">'.
  Property 'value' does not exist on type 'IntrinsicAttributes & Omit<ListboxItemBaseProps<object>, "value">'.
src/pages/admin/subscriptions/edit/[clinicId]/index.tsx(541,26): error TS2322: Type '(plan: any) => Element' is not assignable to type 'ReactNode'.
src/pages/admin/subscriptions/index.tsx(369,17): error TS2322: Type '{ className: string; color: "primary"; size: string; value: number; }' is not assignable to type 'IntrinsicAttributes & ProgressProps'.
  Property 'size' does not exist on type 'IntrinsicAttributes & ProgressProps'.
src/pages/admin/subscriptions/index.tsx(399,17): error TS2322: Type '{ className: string; color: "secondary"; size: string; value: number; }' is not assignable to type 'IntrinsicAttributes & ProgressProps'.
  Property 'size' does not exist on type 'IntrinsicAttributes & ProgressProps'.
src/pages/admin/subscriptions/index.tsx(460,18): error TS2322: Type '(plan: any) => Element' is not assignable to type 'ReactNode'.
src/pages/admin/subscriptions/plans.tsx(926,21): error TS2322: Type '{ className: string; label: string; minRows: number; placeholder: string; value: string; onChange: (e: ChangeEvent<HTMLTextAreaElement>) => void; }' is not assignable to type 'IntrinsicAttributes & TextareaProps & RefAttributes<HTMLTextAreaElement>'.
  Property 'minRows' does not exist on type 'IntrinsicAttributes & TextareaProps & RefAttributes<HTMLTextAreaElement>'.
src/pages/dashboard/communication/components/SendSMSTab.tsx(286,17): error TS1355: A 'const' assertions can only be applied to references to enum members, or string, number, boolean, array, or object literals.
src/pages/dashboard/prescriptions/index.tsx(491,13): error TS2322: Type '{ align: string; items: ({ id: string; label: string; icon: Element; onClick: () => void; } | { isDivider: boolean; id: string; })[]; trigger: Element; }' is not assignable to type 'IntrinsicAttributes & DropdownProps'.
  Property 'align' does not exist on type 'IntrinsicAttributes & DropdownProps'.
src/pages/dashboard/prescriptions/index.tsx(801,25): error TS2322: Type '{ align: string; items: ({ id: string; label: string; onClick: () => void; icon: Element; } | { isDivider: boolean; id: string; })[]; trigger: Element; }' is not assignable to type 'IntrinsicAttributes & DropdownProps'.
  Property 'align' does not exist on type 'IntrinsicAttributes & DropdownProps'.
src/pages/dashboard/settings/notes-sections.tsx(143,13): error TS2741: Property 'branchId' is missing in type '{ clinicId: string; sectionLabel: string; sectionKey: string; isActive: boolean; displayOrder: number; createdBy: string; }' but required in type 'Omit<NotesSection, "id" | "createdAt" | "updatedAt">'.
src/pages/invitation/index.tsx(65,53): error TS2339: Property 'toDate' does not exist on type 'Date'.
src/pages/invitation/index.tsx(147,61): error TS2345: Argument of type '{ displayName: string; email: string; clinicId: string; role: string; isActive: boolean; }' is not assignable to parameter of type 'Partial<User>'.
  Types of property 'role' are incompatible.
    Type 'string' is not assignable to type 'UserRole'.
src/pages/invitation/index.tsx(159,9): error TS2353: Object literal may only specify known properties, and 'type' does not exist in type 'ToastProps & ToastOptions'.
src/pages/invitation/index.tsx(168,9): error TS2353: Object literal may only specify known properties, and 'type' does not exist in type 'ToastProps & ToastOptions'.
src/services/auditLogService.ts(246,42): error TS2339: Property 'getUser' does not exist on type '{ createUser(email: string, password: string, userData: Partial<User>, adminPassword?: string): Promise<string>; createUserLegacy(email: string, password: string, userData: Partial<...>): Promise<...>; ... 13 more ...; createBranchAdmin(email: string, password: string, displayName: string, clinicId: string, branchId...'.
src/services/medicalReportResponseService.ts(29,13): error TS2741: Property 'branchId' is missing in type '{ id: string; clinicId: string; patientId: string; fieldValues: Record<string, any>; submittedBy: string; submittedAt: Date; updatedAt: Date; }' but required in type 'MedicalReportResponse'.
src/services/patientNotesService.ts(32,13): error TS2741: Property 'branchId' is missing in type '{ id: string; clinicId: string; patientId: string; sectionValues: Record<string, string>; lastModifiedBy: string; lastModifiedAt: Date; createdAt: Date; }' but required in type 'PatientNotes'.
src/services/pharmacyService.ts(325,38): error TS2339: Property 'id' does not exist on type 'Omit<MedicinePurchaseReturn, "id" | "createdAt">'.
src/services/systemSetupService.ts(116,25): error TS2339: Property 'initializeSystemPermissions' does not exist on type '{ __preloadInflight: Map<string, Promise<void>>; validateRoleIds(clinicId: string, roleIds: string[]): Promise<{ valid: boolean; invalidIds: string[]; error?: string; }>; ... 24 more ...; createBranchRoles(clinicId: string, branchId: string): Promise<...>; }'.
src/utils/reportExports.ts(415,27): error TS2339: Property 'getNumberOfPages' does not exist on type 'jsPDF'.
src/utils/reportExports.ts(815,27): error TS2339: Property 'getNumberOfPages' does not exist on type 'jsPDF'.
src/utils/reportExports.ts(1156,27): error TS2339: Property 'getNumberOfPages' does not exist on type 'jsPDF'.
